PR #42  Add xpath support  [OPEN] (draft)
https://github.com/o/r/pull/42
Review decision: CHANGES_REQUESTED

Reviews:
  [APPROVED]          ci-bot[bot] (bot)
  [CHANGES_REQUESTED] bob: Needs work

Threads: 2 (1 unresolved)
  src/a.ts:72  [open]
    bob:
    Why does this return element-not-found?
      ↪ alice:
          Good catch, fixing.
    thread: T_open
  src/b.ts:10  [resolved] [outdated]
    lint-bot[bot] (bot):
    nit: prefer const here for the long explanation that should be truncated in the compact view
    thread: T_resolved

Conversation:
    carol:
    LGTM overall once threads are addressed.
