#42  Add xpath support
https://github.com/o/r/pull/42
CHANGES REQUESTED · 1 unresolved · 2 reviews · open · draft

REVIEWS
  ✓ ci-bot[bot] (bot)  approved
  ✗ bob  changes_requested
      Needs work

THREADS · 2

  [1] a.ts:72  src
      bob  Why does this return element-not-found?
      ↳ alice  Good catch, fixing.

  [2] b.ts:10  src  (resolved, outdated)
      lint-bot[bot] (bot)  nit: prefer const here for the long explanation that should be
                           truncated in the compact view

CONVERSATION · 1 comment   — --conversation to show

drill in:  ghx comments 42 --thread <n>
